
========================================================================
TIME       : 2026-07-15 14:45:17
LEVEL      : INFO
STEP       : STEP0
FILE       : C:\Users\buimi1\Documents\03_repos\TessyPilot\Tessy_Ref_Skoda_Compact\logger.ps1
LINE       : 109
FUNCTION   : Write-Info
COMMAND    : 
EXITCODE   : 0
TIMEOUT    : 0
MESSAGE    : Started.
========================================================================


========================================================================
TIME       : 2026-07-15 14:45:17
LEVEL      : INFO
STEP       : STEP0
FILE       : C:\Users\buimi1\Documents\03_repos\TessyPilot\Tessy_Ref_Skoda_Compact\logger.ps1
LINE       : 109
FUNCTION   : Write-Info
COMMAND    : connect
EXITCODE   : 0
TIMEOUT    : 0
MESSAGE    : Connecting to Tessy...
========================================================================


========================================================================
TIME       : 2026-07-15 14:45:17
LEVEL      : INFO
STEP       : STEP0
FILE       : C:\Users\buimi1\Documents\03_repos\TessyPilot\Tessy_Ref_Skoda_Compact\logger.ps1
LINE       : 109
FUNCTION   : Write-Info
COMMAND    : 
EXITCODE   : 0
TIMEOUT    : 0
MESSAGE    : Connected.
========================================================================


========================================================================
TIME       : 2026-07-15 14:45:17
LEVEL      : INFO
STEP       : STEP0
FILE       : C:\Users\buimi1\Documents\03_repos\TessyPilot\Tessy_Ref_Skoda_Compact\logger.ps1
LINE       : 109
FUNCTION   : Write-Info
COMMAND    : 
EXITCODE   : 0
TIMEOUT    : 0
MESSAGE    : Selecting Tessy context...
========================================================================


========================================================================
TIME       : 2026-07-15 14:45:18
LEVEL      : INFO
STEP       : STEP0
FILE       : C:\Users\buimi1\Documents\03_repos\TessyPilot\Tessy_Ref_Skoda_Compact\logger.ps1
LINE       : 109
FUNCTION   : Write-Info
COMMAND    : 
EXITCODE   : 0
TIMEOUT    : 0
MESSAGE    : Selection completed.
========================================================================


========================================================================
TIME       : 2026-07-15 14:45:18
LEVEL      : INFO
STEP       : STEP0
FILE       : C:\Users\buimi1\Documents\03_repos\TessyPilot\Tessy_Ref_Skoda_Compact\logger.ps1
LINE       : 109
FUNCTION   : Write-Info
COMMAND    : list-test-objects
EXITCODE   : 0
TIMEOUT    : 0
MESSAGE    : Retrieving Test Objects.
========================================================================


========================================================================
TIME       : 2026-07-15 14:45:18
LEVEL      : INFO
STEP       : STEP0
FILE       : C:\Users\buimi1\Documents\03_repos\TessyPilot\Tessy_Ref_Skoda_Compact\logger.ps1
LINE       : 109
FUNCTION   : Write-Info
COMMAND    : 
EXITCODE   : 0
TIMEOUT    : 0
MESSAGE    : Completed successfully.
========================================================================

