
========================================================================
TIME       : 2026-07-15 14:47:21
LEVEL      : INFO
STEP       : STEP7
FILE       : C:\Users\buimi1\Documents\03_repos\TessyPilot\Tessy_Ref_Skoda_Compact\logger.ps1
LINE       : 109
FUNCTION   : Write-Info
COMMAND    : 
EXITCODE   : 0
TIMEOUT    : 0
MESSAGE    : Started.
========================================================================


========================================================================
TIME       : 2026-07-15 14:47:22
LEVEL      : INFO
STEP       : STEP7
FILE       : C:\Users\buimi1\Documents\03_repos\TessyPilot\Tessy_Ref_Skoda_Compact\logger.ps1
LINE       : 109
FUNCTION   : Write-Info
COMMAND    : 
EXITCODE   : 0
TIMEOUT    : 0
MESSAGE    : Test Object: ucDrv_CfgErrReport
========================================================================


========================================================================
TIME       : 2026-07-15 14:47:22
LEVEL      : INFO
STEP       : STEP7
FILE       : C:\Users\buimi1\Documents\03_repos\TessyPilot\Tessy_Ref_Skoda_Compact\logger.ps1
LINE       : 109
FUNCTION   : Write-Info
COMMAND    : 
EXITCODE   : 0
TIMEOUT    : 0
MESSAGE    : Module: ucDrv_2E_Cfg
========================================================================


========================================================================
TIME       : 2026-07-15 14:47:22
LEVEL      : INFO
STEP       : STEP7
FILE       : C:\Users\buimi1\Documents\03_repos\TessyPilot\Tessy_Ref_Skoda_Compact\logger.ps1
LINE       : 109
FUNCTION   : Write-Info
COMMAND    : 
EXITCODE   : 0
TIMEOUT    : 0
MESSAGE    : Testcase plan: C:\Users\buimi1\Documents\03_repos\TessyPilot\Tessy_Ref_Skoda_Compact\json_testcase\ucDrv_CfgErrReport_testcase_plan.json
========================================================================


========================================================================
TIME       : 2026-07-15 14:47:22
LEVEL      : INFO
STEP       : STEP7
FILE       : C:\Users\buimi1\Documents\03_repos\TessyPilot\Tessy_Ref_Skoda_Compact\logger.ps1
LINE       : 109
FUNCTION   : Write-Info
COMMAND    : 
EXITCODE   : 0
TIMEOUT    : 0
MESSAGE    : Output script: C:\Users\buimi1\Documents\03_repos\TessyPilot\Tessy_Ref_Skoda_Compact\script_files\ucDrv_CfgErrReport_testcase.script
========================================================================


========================================================================
TIME       : 2026-07-15 14:47:22
LEVEL      : INFO
STEP       : STEP7
FILE       : C:\Users\buimi1\Documents\03_repos\TessyPilot\Tessy_Ref_Skoda_Compact\logger.ps1
LINE       : 109
FUNCTION   : Write-Info
COMMAND    : 
EXITCODE   : 0
TIMEOUT    : 0
MESSAGE    : Testcase plan validated: 1 testcase(s).
========================================================================


========================================================================
TIME       : 2026-07-15 14:47:22
LEVEL      : INFO
STEP       : STEP7
FILE       : C:\Users\buimi1\Documents\03_repos\TessyPilot\Tessy_Ref_Skoda_Compact\logger.ps1
LINE       : 109
FUNCTION   : Write-Info
COMMAND    : C:\Users\buimi1\Documents\03_repos\TessyPilot\Tessy_Ref_Skoda_Compact\steps\step07_generate_testcases.ps1
EXITCODE   : 0
TIMEOUT    : 0
MESSAGE    : Run Step 7 testcase generator.
========================================================================


========================================================================
TIME       : 2026-07-15 14:47:24
LEVEL      : INFO
STEP       : STEP7
FILE       : C:\Users\buimi1\Documents\03_repos\TessyPilot\Tessy_Ref_Skoda_Compact\logger.ps1
LINE       : 109
FUNCTION   : Write-Info
COMMAND    : 
EXITCODE   : 0
TIMEOUT    : 0
MESSAGE    : Tessy script ready: C:\Users\buimi1\Documents\03_repos\TessyPilot\Tessy_Ref_Skoda_Compact\script_files\ucDrv_CfgErrReport_testcase.script; Testcases=2; Teststeps=2
========================================================================


========================================================================
TIME       : 2026-07-15 14:47:24
LEVEL      : INFO
STEP       : STEP7
FILE       : C:\Users\buimi1\Documents\03_repos\TessyPilot\Tessy_Ref_Skoda_Compact\logger.ps1
LINE       : 109
FUNCTION   : Write-Info
COMMAND    : 
EXITCODE   : 0
TIMEOUT    : 0
MESSAGE    : Completed successfully.
========================================================================

