
========================================================================
TIME       : 2026-07-15 15:09:07
LEVEL      : INFO
STEP       : STEP3
FILE       : C:\Users\buimi1\Documents\03_repos\TessyPilot\Tessy_Ref_Skoda_Compact\logger.ps1
LINE       : 109
FUNCTION   : Write-Info
COMMAND    : 
EXITCODE   : 0
TIMEOUT    : 0
MESSAGE    : Started.
========================================================================


========================================================================
TIME       : 2026-07-15 15:09:07
LEVEL      : INFO
STEP       : STEP3
FILE       : C:\Users\buimi1\Documents\03_repos\TessyPilot\Tessy_Ref_Skoda_Compact\logger.ps1
LINE       : 109
FUNCTION   : Write-Info
COMMAND    : 
EXITCODE   : 0
TIMEOUT    : 0
MESSAGE    : Test Object: ucDrv_CfgErrReport
========================================================================


========================================================================
TIME       : 2026-07-15 15:09:07
LEVEL      : INFO
STEP       : STEP3
FILE       : C:\Users\buimi1\Documents\03_repos\TessyPilot\Tessy_Ref_Skoda_Compact\logger.ps1
LINE       : 109
FUNCTION   : Write-Info
COMMAND    : 
EXITCODE   : 0
TIMEOUT    : 0
MESSAGE    : Module: ucDrv_2E_Cfg
========================================================================


========================================================================
TIME       : 2026-07-15 15:09:07
LEVEL      : INFO
STEP       : STEP3
FILE       : C:\Users\buimi1\Documents\03_repos\TessyPilot\Tessy_Ref_Skoda_Compact\logger.ps1
LINE       : 109
FUNCTION   : Write-Info
COMMAND    : 
EXITCODE   : 0
TIMEOUT    : 0
MESSAGE    : Source Directory: C:\Users\buimi1\Documents\03_repos\e-gsh_non-autosar_bsw_sk336-rcl-impl\source\project\bsw\36_BSW\SystemStack\
========================================================================


========================================================================
TIME       : 2026-07-15 15:09:07
LEVEL      : INFO
STEP       : STEP3
FILE       : C:\Users\buimi1\Documents\03_repos\TessyPilot\Tessy_Ref_Skoda_Compact\logger.ps1
LINE       : 109
FUNCTION   : Write-Info
COMMAND    : 
EXITCODE   : 0
TIMEOUT    : 0
MESSAGE    : Read module source: C:\Users\buimi1\Documents\03_repos\e-gsh_non-autosar_bsw_sk336-rcl-impl\source\project\bsw\36_BSW\SystemStack\ucDrv_2E\src\ucDrv_2E_Cfg.c
========================================================================


========================================================================
TIME       : 2026-07-15 15:09:07
LEVEL      : INFO
STEP       : STEP3
FILE       : C:\Users\buimi1\Documents\03_repos\TessyPilot\Tessy_Ref_Skoda_Compact\logger.ps1
LINE       : 109
FUNCTION   : Write-Info
COMMAND    : 
EXITCODE   : 0
TIMEOUT    : 0
MESSAGE    : Function source found: C:\Users\buimi1\Documents\03_repos\e-gsh_non-autosar_bsw_sk336-rcl-impl\source\project\bsw\36_BSW\SystemStack\ucDrv_2E\src\ucDrv_2E_Cfg.c
========================================================================


========================================================================
TIME       : 2026-07-15 15:09:07
LEVEL      : INFO
STEP       : STEP3
FILE       : C:\Users\buimi1\Documents\03_repos\TessyPilot\Tessy_Ref_Skoda_Compact\logger.ps1
LINE       : 109
FUNCTION   : Write-Info
COMMAND    : 
EXITCODE   : 0
TIMEOUT    : 0
MESSAGE    : Function position=11331; ReturnType=void; Parameters=void
========================================================================


========================================================================
TIME       : 2026-07-15 15:09:07
LEVEL      : INFO
STEP       : STEP3
FILE       : C:\Users\buimi1\Documents\03_repos\TessyPilot\Tessy_Ref_Skoda_Compact\logger.ps1
LINE       : 109
FUNCTION   : Write-Info
COMMAND    : 
EXITCODE   : 0
TIMEOUT    : 0
MESSAGE    : Function source: C:\Users\buimi1\Documents\03_repos\e-gsh_non-autosar_bsw_sk336-rcl-impl\source\project\bsw\36_BSW\SystemStack\ucDrv_2E\src\ucDrv_2E_Cfg.c
========================================================================


========================================================================
TIME       : 2026-07-15 15:09:07
LEVEL      : INFO
STEP       : STEP3
FILE       : C:\Users\buimi1\Documents\03_repos\TessyPilot\Tessy_Ref_Skoda_Compact\logger.ps1
LINE       : 109
FUNCTION   : Write-Info
COMMAND    : 
EXITCODE   : 0
TIMEOUT    : 0
MESSAGE    : Function code saved: C:\Users\buimi1\Documents\03_repos\TessyPilot\Tessy_Ref_Skoda_Compact\testObjectCode\ucDrv_CfgErrReport.c
========================================================================


========================================================================
TIME       : 2026-07-15 15:09:07
LEVEL      : INFO
STEP       : STEP3
FILE       : C:\Users\buimi1\Documents\03_repos\TessyPilot\Tessy_Ref_Skoda_Compact\logger.ps1
LINE       : 109
FUNCTION   : Write-Info
COMMAND    : 
EXITCODE   : 0
TIMEOUT    : 0
MESSAGE    : Return type: void; Parameters: void
========================================================================


========================================================================
TIME       : 2026-07-15 15:09:07
LEVEL      : INFO
STEP       : STEP3
FILE       : C:\Users\buimi1\Documents\03_repos\TessyPilot\Tessy_Ref_Skoda_Compact\logger.ps1
LINE       : 109
FUNCTION   : Write-Info
COMMAND    : 
EXITCODE   : 0
TIMEOUT    : 0
MESSAGE    : Completed successfully.
========================================================================

