
========================================================================
TIME       : 2026-07-15 14:54:48
LEVEL      : INFO
STEP       : STEP10
FILE       : C:\Users\buimi1\Documents\03_repos\TessyPilot\Tessy_Ref_Skoda_Compact\logger.ps1
LINE       : 109
FUNCTION   : Write-Info
COMMAND    : 
EXITCODE   : 0
TIMEOUT    : 0
MESSAGE    : Started.
========================================================================


========================================================================
TIME       : 2026-07-15 14:54:48
LEVEL      : INFO
STEP       : STEP10
FILE       : C:\Users\buimi1\Documents\03_repos\TessyPilot\Tessy_Ref_Skoda_Compact\logger.ps1
LINE       : 109
FUNCTION   : Write-Info
COMMAND    : 
EXITCODE   : 0
TIMEOUT    : 0
MESSAGE    : Test Object: ucDrv_CfgErrReport
========================================================================


========================================================================
TIME       : 2026-07-15 14:54:48
LEVEL      : INFO
STEP       : STEP10
FILE       : C:\Users\buimi1\Documents\03_repos\TessyPilot\Tessy_Ref_Skoda_Compact\logger.ps1
LINE       : 109
FUNCTION   : Write-Info
COMMAND    : 
EXITCODE   : 0
TIMEOUT    : 0
MESSAGE    : Module: ucDrv_2E_Cfg
========================================================================


========================================================================
TIME       : 2026-07-15 14:54:48
LEVEL      : INFO
STEP       : STEP10
FILE       : C:\Users\buimi1\Documents\03_repos\TessyPilot\Tessy_Ref_Skoda_Compact\logger.ps1
LINE       : 109
FUNCTION   : Write-Info
COMMAND    : 
EXITCODE   : 0
TIMEOUT    : 0
MESSAGE    : Targets: C0=100%, C1=100%, Failed=0
========================================================================


========================================================================
TIME       : 2026-07-15 14:54:48
LEVEL      : INFO
STEP       : STEP10
FILE       : C:\Users\buimi1\Documents\03_repos\TessyPilot\Tessy_Ref_Skoda_Compact\logger.ps1
LINE       : 109
FUNCTION   : Write-Info
COMMAND    : 
EXITCODE   : 0
TIMEOUT    : 0
MESSAGE    : Completed successfully.
========================================================================

