
========================================================================
TIME       : 2026-07-15 14:47:04
LEVEL      : INFO
STEP       : STEP4
FILE       : C:\Users\buimi1\Documents\03_repos\TessyPilot\Tessy_Ref_Skoda_Compact\logger.ps1
LINE       : 109
FUNCTION   : Write-Info
COMMAND    : 
EXITCODE   : 0
TIMEOUT    : 0
MESSAGE    : Started.
========================================================================


========================================================================
TIME       : 2026-07-15 14:47:04
LEVEL      : INFO
STEP       : STEP4
FILE       : C:\Users\buimi1\Documents\03_repos\TessyPilot\Tessy_Ref_Skoda_Compact\logger.ps1
LINE       : 109
FUNCTION   : Write-Info
COMMAND    : 
EXITCODE   : 0
TIMEOUT    : 0
MESSAGE    : Test Object: ucDrv_CfgErrReport
========================================================================


========================================================================
TIME       : 2026-07-15 14:47:04
LEVEL      : INFO
STEP       : STEP4
FILE       : C:\Users\buimi1\Documents\03_repos\TessyPilot\Tessy_Ref_Skoda_Compact\logger.ps1
LINE       : 109
FUNCTION   : Write-Info
COMMAND    : 
EXITCODE   : 0
TIMEOUT    : 0
MESSAGE    : Module: ucDrv_2E_Cfg
========================================================================


========================================================================
TIME       : 2026-07-15 14:47:04
LEVEL      : INFO
STEP       : STEP4
FILE       : C:\Users\buimi1\Documents\03_repos\TessyPilot\Tessy_Ref_Skoda_Compact\logger.ps1
LINE       : 109
FUNCTION   : Write-Info
COMMAND    : 
EXITCODE   : 0
TIMEOUT    : 0
MESSAGE    : Use Step 03 function source: C:\Users\buimi1\Documents\03_repos\TessyPilot\Tessy_Ref_Skoda_Compact\testObjectCode\ucDrv_CfgErrReport.c
========================================================================


========================================================================
TIME       : 2026-07-15 14:47:04
LEVEL      : INFO
STEP       : STEP4
FILE       : C:\Users\buimi1\Documents\03_repos\TessyPilot\Tessy_Ref_Skoda_Compact\logger.ps1
LINE       : 109
FUNCTION   : Write-Info
COMMAND    : 
EXITCODE   : 0
TIMEOUT    : 0
MESSAGE    : Raw function source: C:\Users\buimi1\Documents\03_repos\TessyPilot\Tessy_Ref_Skoda_Compact\testObjectCode\ucDrv_CfgErrReport.c
========================================================================


========================================================================
TIME       : 2026-07-15 14:47:04
LEVEL      : INFO
STEP       : STEP4
FILE       : C:\Users\buimi1\Documents\03_repos\TessyPilot\Tessy_Ref_Skoda_Compact\logger.ps1
LINE       : 109
FUNCTION   : Write-Info
COMMAND    : 
EXITCODE   : 0
TIMEOUT    : 0
MESSAGE    : Condition source saved: C:\Users\buimi1\Documents\03_repos\TessyPilot\Tessy_Ref_Skoda_Compact\testObjectCode\ucDrv_CfgErrReport_conditions.c
========================================================================


========================================================================
TIME       : 2026-07-15 14:47:04
LEVEL      : INFO
STEP       : STEP4
FILE       : C:\Users\buimi1\Documents\03_repos\TessyPilot\Tessy_Ref_Skoda_Compact\logger.ps1
LINE       : 109
FUNCTION   : Write-Info
COMMAND    : 
EXITCODE   : 0
TIMEOUT    : 0
MESSAGE    : Completed successfully.
========================================================================

